#! /usr/bin/vvp
:ivl_version "12.0 (stable)";
:ivl_delay_selection "TYPICAL";
:vpi_time_precision + 0;
:vpi_module "/usr/lib/x86_64-linux-gnu/ivl/system.vpi";
:vpi_module "/usr/lib/x86_64-linux-gnu/ivl/vhdl_sys.vpi";
:vpi_module "/usr/lib/x86_64-linux-gnu/ivl/vhdl_textio.vpi";
:vpi_module "/usr/lib/x86_64-linux-gnu/ivl/v2005_math.vpi";
:vpi_module "/usr/lib/x86_64-linux-gnu/ivl/va_math.vpi";
S_0x5c2635ea3990 .scope module, "lemmings_1" "lemmings_1" 2 1;
 .timescale 0 0;
    .port_info 0 /INPUT 1 "clk";
    .port_info 1 /INPUT 1 "areset";
    .port_info 2 /INPUT 1 "bump_left";
    .port_info 3 /INPUT 1 "bump_right";
    .port_info 4 /OUTPUT 1 "walk_left";
    .port_info 5 /OUTPUT 1 "walk_right";
P_0x5c2635ea50c0 .param/l "LEFT" 0 2 10, +C4<00000000000000000000000000000000>;
P_0x5c2635ea5100 .param/l "RIGHT" 0 2 10, +C4<00000000000000000000000000000001>;
v0x5c2635e89530_0 .net *"_ivl_0", 31 0, L_0x5c2635ecbce0;  1 drivers
L_0x73cc727b70a8 .functor BUFT 1, C4<0000000000000000000000000000000>, C4<0>, C4<0>, C4<0>;
v0x5c2635e89810_0 .net *"_ivl_11", 30 0, L_0x73cc727b70a8;  1 drivers
L_0x73cc727b70f0 .functor BUFT 1, C4<00000000000000000000000000000001>, C4<0>, C4<0>, C4<0>;
v0x5c2635e8ff90_0 .net/2u *"_ivl_12", 31 0, L_0x73cc727b70f0;  1 drivers
L_0x73cc727b7018 .functor BUFT 1, C4<0000000000000000000000000000000>, C4<0>, C4<0>, C4<0>;
v0x5c2635e8fe20_0 .net *"_ivl_3", 30 0, L_0x73cc727b7018;  1 drivers
L_0x73cc727b7060 .functor BUFT 1, C4<00000000000000000000000000000000>, C4<0>, C4<0>, C4<0>;
v0x5c2635e90270_0 .net/2u *"_ivl_4", 31 0, L_0x73cc727b7060;  1 drivers
v0x5c2635e90100_0 .net *"_ivl_8", 31 0, L_0x5c2635edbfb0;  1 drivers
o0x73cc72aa2138 .functor BUFZ 1, C4<z>; HiZ drive
v0x5c2635e90550_0 .net "areset", 0 0, o0x73cc72aa2138;  0 drivers
o0x73cc72aa2168 .functor BUFZ 1, C4<z>; HiZ drive
v0x5c2635ec5e00_0 .net "bump_left", 0 0, o0x73cc72aa2168;  0 drivers
o0x73cc72aa2198 .functor BUFZ 1, C4<z>; HiZ drive
v0x5c2635ec5ec0_0 .net "bump_right", 0 0, o0x73cc72aa2198;  0 drivers
o0x73cc72aa21c8 .functor BUFZ 1, C4<z>; HiZ drive
v0x5c2635ec5f80_0 .net "clk", 0 0, o0x73cc72aa21c8;  0 drivers
v0x5c2635ec6040_0 .var "next_state", 0 0;
v0x5c2635ec6100_0 .var "state", 0 0;
v0x5c2635ec61c0_0 .net "walk_left", 0 0, L_0x5c2635edbe40;  1 drivers
v0x5c2635ec6280_0 .net "walk_right", 0 0, L_0x5c2635edc0f0;  1 drivers
E_0x5c2635e7f5d0 .event posedge, v0x5c2635e90550_0, v0x5c2635ec5f80_0;
E_0x5c2635e7f610 .event anyedge, v0x5c2635ec6100_0, v0x5c2635ec5e00_0, v0x5c2635ec5ec0_0;
L_0x5c2635ecbce0 .concat [ 1 31 0 0], v0x5c2635ec6100_0, L_0x73cc727b7018;
L_0x5c2635edbe40 .cmp/eq 32, L_0x5c2635ecbce0, L_0x73cc727b7060;
L_0x5c2635edbfb0 .concat [ 1 31 0 0], v0x5c2635ec6100_0, L_0x73cc727b70a8;
L_0x5c2635edc0f0 .cmp/eq 32, L_0x5c2635edbfb0, L_0x73cc727b70f0;
S_0x5c2635ea1610 .scope module, "lemmings_2" "lemmings_2" 2 40;
 .timescale 0 0;
    .port_info 0 /INPUT 1 "clk";
    .port_info 1 /INPUT 1 "areset";
    .port_info 2 /INPUT 1 "bump_left";
    .port_info 3 /INPUT 1 "bump_right";
    .port_info 4 /INPUT 1 "ground";
    .port_info 5 /OUTPUT 1 "walk_left";
    .port_info 6 /OUTPUT 1 "walk_right";
    .port_info 7 /OUTPUT 1 "aaah";
P_0x5c2635e9e320 .param/l "FALL_L" 0 2 50, +C4<00000000000000000000000000000010>;
P_0x5c2635e9e360 .param/l "FALL_R" 0 2 50, +C4<00000000000000000000000000000011>;
P_0x5c2635e9e3a0 .param/l "LEFT" 0 2 50, +C4<00000000000000000000000000000000>;
P_0x5c2635e9e3e0 .param/l "RIGHT" 0 2 50, +C4<00000000000000000000000000000001>;
L_0x5c2635edcc70 .functor OR 1, L_0x5c2635edc8e0, L_0x5c2635edcae0, C4<0>, C4<0>;
v0x5c2635ec6470_0 .net *"_ivl_0", 31 0, L_0x5c2635edc290;  1 drivers
L_0x73cc727b71c8 .functor BUFT 1, C4<00000000000000000000000000000>, C4<0>, C4<0>, C4<0>;
v0x5c2635ec6570_0 .net *"_ivl_11", 28 0, L_0x73cc727b71c8;  1 drivers
L_0x73cc727b7210 .functor BUFT 1, C4<00000000000000000000000000000001>, C4<0>, C4<0>, C4<0>;
v0x5c2635ec6650_0 .net/2u *"_ivl_12", 31 0, L_0x73cc727b7210;  1 drivers
v0x5c2635ec6710_0 .net *"_ivl_16", 31 0, L_0x5c2635edc7f0;  1 drivers
L_0x73cc727b7258 .functor BUFT 1, C4<00000000000000000000000000000>, C4<0>, C4<0>, C4<0>;
v0x5c2635ec67f0_0 .net *"_ivl_19", 28 0, L_0x73cc727b7258;  1 drivers
L_0x73cc727b72a0 .functor BUFT 1, C4<00000000000000000000000000000010>, C4<0>, C4<0>, C4<0>;
v0x5c2635ec68d0_0 .net/2u *"_ivl_20", 31 0, L_0x73cc727b72a0;  1 drivers
v0x5c2635ec69b0_0 .net *"_ivl_22", 0 0, L_0x5c2635edc8e0;  1 drivers
v0x5c2635ec6a70_0 .net *"_ivl_24", 31 0, L_0x5c2635edca40;  1 drivers
L_0x73cc727b72e8 .functor BUFT 1, C4<00000000000000000000000000000>, C4<0>, C4<0>, C4<0>;
v0x5c2635ec6b50_0 .net *"_ivl_27", 28 0, L_0x73cc727b72e8;  1 drivers
L_0x73cc727b7330 .functor BUFT 1, C4<00000000000000000000000000000011>, C4<0>, C4<0>, C4<0>;
v0x5c2635ec6c30_0 .net/2u *"_ivl_28", 31 0, L_0x73cc727b7330;  1 drivers
L_0x73cc727b7138 .functor BUFT 1, C4<00000000000000000000000000000>, C4<0>, C4<0>, C4<0>;
v0x5c2635ec6d10_0 .net *"_ivl_3", 28 0, L_0x73cc727b7138;  1 drivers
v0x5c2635ec6df0_0 .net *"_ivl_30", 0 0, L_0x5c2635edcae0;  1 drivers
L_0x73cc727b7180 .functor BUFT 1, C4<00000000000000000000000000000000>, C4<0>, C4<0>, C4<0>;
v0x5c2635ec6eb0_0 .net/2u *"_ivl_4", 31 0, L_0x73cc727b7180;  1 drivers
v0x5c2635ec6f90_0 .net *"_ivl_8", 31 0, L_0x5c2635edc540;  1 drivers
v0x5c2635ec7070_0 .net "aaah", 0 0, L_0x5c2635edcc70;  1 drivers
o0x73cc72aa26a8 .functor BUFZ 1, C4<z>; HiZ drive
v0x5c2635ec7130_0 .net "areset", 0 0, o0x73cc72aa26a8;  0 drivers
o0x73cc72aa26d8 .functor BUFZ 1, C4<z>; HiZ drive
v0x5c2635ec71f0_0 .net "bump_left", 0 0, o0x73cc72aa26d8;  0 drivers
o0x73cc72aa2708 .functor BUFZ 1, C4<z>; HiZ drive
v0x5c2635ec73c0_0 .net "bump_right", 0 0, o0x73cc72aa2708;  0 drivers
o0x73cc72aa2738 .functor BUFZ 1, C4<z>; HiZ drive
v0x5c2635ec7480_0 .net "clk", 0 0, o0x73cc72aa2738;  0 drivers
o0x73cc72aa2768 .functor BUFZ 1, C4<z>; HiZ drive
v0x5c2635ec7540_0 .net "ground", 0 0, o0x73cc72aa2768;  0 drivers
v0x5c2635ec7600_0 .var "next_state", 2 0;
v0x5c2635ec76e0_0 .var "state", 2 0;
v0x5c2635ec77c0_0 .net "walk_left", 0 0, L_0x5c2635edc400;  1 drivers
v0x5c2635ec7880_0 .net "walk_right", 0 0, L_0x5c2635edc680;  1 drivers
E_0x5c2635e7f360 .event posedge, v0x5c2635ec7130_0, v0x5c2635ec7480_0;
E_0x5c2635ea73a0 .event anyedge, v0x5c2635ec76e0_0, v0x5c2635ec7540_0, v0x5c2635ec71f0_0, v0x5c2635ec73c0_0;
L_0x5c2635edc290 .concat [ 3 29 0 0], v0x5c2635ec76e0_0, L_0x73cc727b7138;
L_0x5c2635edc400 .cmp/eq 32, L_0x5c2635edc290, L_0x73cc727b7180;
L_0x5c2635edc540 .concat [ 3 29 0 0], v0x5c2635ec76e0_0, L_0x73cc727b71c8;
L_0x5c2635edc680 .cmp/eq 32, L_0x5c2635edc540, L_0x73cc727b7210;
L_0x5c2635edc7f0 .concat [ 3 29 0 0], v0x5c2635ec76e0_0, L_0x73cc727b7258;
L_0x5c2635edc8e0 .cmp/eq 32, L_0x5c2635edc7f0, L_0x73cc727b72a0;
L_0x5c2635edca40 .concat [ 3 29 0 0], v0x5c2635ec76e0_0, L_0x73cc727b72e8;
L_0x5c2635edcae0 .cmp/eq 32, L_0x5c2635edca40, L_0x73cc727b7330;
S_0x5c2635e9ab20 .scope module, "lemmings_3" "lemmings_3" 2 73;
 .timescale 0 0;
    .port_info 0 /INPUT 1 "clk";
    .port_info 1 /INPUT 1 "areset";
    .port_info 2 /INPUT 1 "bump_left";
    .port_info 3 /INPUT 1 "bump_right";
    .port_info 4 /INPUT 1 "ground";
    .port_info 5 /INPUT 1 "dig";
    .port_info 6 /OUTPUT 1 "walk_left";
    .port_info 7 /OUTPUT 1 "walk_right";
    .port_info 8 /OUTPUT 1 "aaah";
    .port_info 9 /OUTPUT 1 "digging";
P_0x5c2635e81f70 .param/l "DIG_L" 0 2 85, +C4<00000000000000000000000000000100>;
P_0x5c2635e81fb0 .param/l "DIG_R" 0 2 85, +C4<00000000000000000000000000000101>;
P_0x5c2635e81ff0 .param/l "FALL_L" 0 2 85, +C4<00000000000000000000000000000010>;
P_0x5c2635e82030 .param/l "FALL_R" 0 2 85, +C4<00000000000000000000000000000011>;
P_0x5c2635e82070 .param/l "LEFT" 0 2 85, +C4<00000000000000000000000000000000>;
P_0x5c2635e820b0 .param/l "RIGHT" 0 2 85, +C4<00000000000000000000000000000001>;
L_0x5c2635edd760 .functor OR 1, L_0x5c2635edd380, L_0x5c2635edd5d0, C4<0>, C4<0>;
L_0x5c2635eddd80 .functor OR 1, L_0x5c2635edd960, L_0x5c2635eddba0, C4<0>, C4<0>;
v0x5c2635ec7af0_0 .net *"_ivl_0", 31 0, L_0x5c2635edcd80;  1 drivers
L_0x73cc727b7408 .functor BUFT 1, C4<00000000000000000000000000000>, C4<0>, C4<0>, C4<0>;
v0x5c2635ec7bf0_0 .net *"_ivl_11", 28 0, L_0x73cc727b7408;  1 drivers
L_0x73cc727b7450 .functor BUFT 1, C4<00000000000000000000000000000001>, C4<0>, C4<0>, C4<0>;
v0x5c2635ec7cd0_0 .net/2u *"_ivl_12", 31 0, L_0x73cc727b7450;  1 drivers
v0x5c2635ec7d90_0 .net *"_ivl_16", 31 0, L_0x5c2635edd290;  1 drivers
L_0x73cc727b7498 .functor BUFT 1, C4<00000000000000000000000000000>, C4<0>, C4<0>, C4<0>;
v0x5c2635ec7e70_0 .net *"_ivl_19", 28 0, L_0x73cc727b7498;  1 drivers
L_0x73cc727b74e0 .functor BUFT 1, C4<00000000000000000000000000000010>, C4<0>, C4<0>, C4<0>;
v0x5c2635ec7f50_0 .net/2u *"_ivl_20", 31 0, L_0x73cc727b74e0;  1 drivers
v0x5c2635ec8030_0 .net *"_ivl_22", 0 0, L_0x5c2635edd380;  1 drivers
v0x5c2635ec80f0_0 .net *"_ivl_24", 31 0, L_0x5c2635edd530;  1 drivers
L_0x73cc727b7528 .functor BUFT 1, C4<00000000000000000000000000000>, C4<0>, C4<0>, C4<0>;
v0x5c2635ec81d0_0 .net *"_ivl_27", 28 0, L_0x73cc727b7528;  1 drivers
L_0x73cc727b7570 .functor BUFT 1, C4<00000000000000000000000000000011>, C4<0>, C4<0>, C4<0>;
v0x5c2635ec82b0_0 .net/2u *"_ivl_28", 31 0, L_0x73cc727b7570;  1 drivers
L_0x73cc727b7378 .functor BUFT 1, C4<00000000000000000000000000000>, C4<0>, C4<0>, C4<0>;
v0x5c2635ec8390_0 .net *"_ivl_3", 28 0, L_0x73cc727b7378;  1 drivers
v0x5c2635ec8470_0 .net *"_ivl_30", 0 0, L_0x5c2635edd5d0;  1 drivers
v0x5c2635ec8530_0 .net *"_ivl_34", 31 0, L_0x5c2635edd870;  1 drivers
L_0x73cc727b75b8 .functor BUFT 1, C4<00000000000000000000000000000>, C4<0>, C4<0>, C4<0>;
v0x5c2635ec8610_0 .net *"_ivl_37", 28 0, L_0x73cc727b75b8;  1 drivers
L_0x73cc727b7600 .functor BUFT 1, C4<00000000000000000000000000000100>, C4<0>, C4<0>, C4<0>;
v0x5c2635ec86f0_0 .net/2u *"_ivl_38", 31 0, L_0x73cc727b7600;  1 drivers
L_0x73cc727b73c0 .functor BUFT 1, C4<00000000000000000000000000000000>, C4<0>, C4<0>, C4<0>;
v0x5c2635ec87d0_0 .net/2u *"_ivl_4", 31 0, L_0x73cc727b73c0;  1 drivers
v0x5c2635ec88b0_0 .net *"_ivl_40", 0 0, L_0x5c2635edd960;  1 drivers
v0x5c2635ec8a80_0 .net *"_ivl_42", 31 0, L_0x5c2635eddb00;  1 drivers
L_0x73cc727b7648 .functor BUFT 1, C4<00000000000000000000000000000>, C4<0>, C4<0>, C4<0>;
v0x5c2635ec8b60_0 .net *"_ivl_45", 28 0, L_0x73cc727b7648;  1 drivers
L_0x73cc727b7690 .functor BUFT 1, C4<00000000000000000000000000000101>, C4<0>, C4<0>, C4<0>;
v0x5c2635ec8c40_0 .net/2u *"_ivl_46", 31 0, L_0x73cc727b7690;  1 drivers
v0x5c2635ec8d20_0 .net *"_ivl_48", 0 0, L_0x5c2635eddba0;  1 drivers
v0x5c2635ec8de0_0 .net *"_ivl_8", 31 0, L_0x5c2635edcfe0;  1 drivers
v0x5c2635ec8ec0_0 .net "aaah", 0 0, L_0x5c2635edd760;  1 drivers
o0x73cc72aa2e28 .functor BUFZ 1, C4<z>; HiZ drive
v0x5c2635ec8f80_0 .net "areset", 0 0, o0x73cc72aa2e28;  0 drivers
o0x73cc72aa2e58 .functor BUFZ 1, C4<z>; HiZ drive
v0x5c2635ec9040_0 .net "bump_left", 0 0, o0x73cc72aa2e58;  0 drivers
o0x73cc72aa2e88 .functor BUFZ 1, C4<z>; HiZ drive
v0x5c2635ec9100_0 .net "bump_right", 0 0, o0x73cc72aa2e88;  0 drivers
o0x73cc72aa2eb8 .functor BUFZ 1, C4<z>; HiZ drive
v0x5c2635ec91c0_0 .net "clk", 0 0, o0x73cc72aa2eb8;  0 drivers
o0x73cc72aa2ee8 .functor BUFZ 1, C4<z>; HiZ drive
v0x5c2635ec9280_0 .net "dig", 0 0, o0x73cc72aa2ee8;  0 drivers
v0x5c2635ec9340_0 .net "digging", 0 0, L_0x5c2635eddd80;  1 drivers
o0x73cc72aa2f48 .functor BUFZ 1, C4<z>; HiZ drive
v0x5c2635ec9400_0 .net "ground", 0 0, o0x73cc72aa2f48;  0 drivers
v0x5c2635ec94c0_0 .var "next_state", 2 0;
v0x5c2635ec95a0_0 .var "state", 2 0;
v0x5c2635ec9680_0 .net "walk_left", 0 0, L_0x5c2635edce70;  1 drivers
v0x5c2635ec9950_0 .net "walk_right", 0 0, L_0x5c2635edd120;  1 drivers
E_0x5c2635ea7640 .event posedge, v0x5c2635ec8f80_0, v0x5c2635ec91c0_0;
E_0x5c2635ec7a80/0 .event anyedge, v0x5c2635ec95a0_0, v0x5c2635ec9400_0, v0x5c2635ec9280_0, v0x5c2635ec9040_0;
E_0x5c2635ec7a80/1 .event anyedge, v0x5c2635ec9100_0;
E_0x5c2635ec7a80 .event/or E_0x5c2635ec7a80/0, E_0x5c2635ec7a80/1;
L_0x5c2635edcd80 .concat [ 3 29 0 0], v0x5c2635ec95a0_0, L_0x73cc727b7378;
L_0x5c2635edce70 .cmp/eq 32, L_0x5c2635edcd80, L_0x73cc727b73c0;
L_0x5c2635edcfe0 .concat [ 3 29 0 0], v0x5c2635ec95a0_0, L_0x73cc727b7408;
L_0x5c2635edd120 .cmp/eq 32, L_0x5c2635edcfe0, L_0x73cc727b7450;
L_0x5c2635edd290 .concat [ 3 29 0 0], v0x5c2635ec95a0_0, L_0x73cc727b7498;
L_0x5c2635edd380 .cmp/eq 32, L_0x5c2635edd290, L_0x73cc727b74e0;
L_0x5c2635edd530 .concat [ 3 29 0 0], v0x5c2635ec95a0_0, L_0x73cc727b7528;
L_0x5c2635edd5d0 .cmp/eq 32, L_0x5c2635edd530, L_0x73cc727b7570;
L_0x5c2635edd870 .concat [ 3 29 0 0], v0x5c2635ec95a0_0, L_0x73cc727b75b8;
L_0x5c2635edd960 .cmp/eq 32, L_0x5c2635edd870, L_0x73cc727b7600;
L_0x5c2635eddb00 .concat [ 3 29 0 0], v0x5c2635ec95a0_0, L_0x73cc727b7648;
L_0x5c2635eddba0 .cmp/eq 32, L_0x5c2635eddb00, L_0x73cc727b7690;
S_0x5c2635e874b0 .scope module, "lemmings_4" "lemmings_4" 2 108;
 .timescale 0 0;
    .port_info 0 /INPUT 1 "clk";
    .port_info 1 /INPUT 1 "areset";
    .port_info 2 /INPUT 1 "bump_left";
    .port_info 3 /INPUT 1 "bump_right";
    .port_info 4 /INPUT 1 "ground";
    .port_info 5 /INPUT 1 "dig";
    .port_info 6 /OUTPUT 1 "walk_left";
    .port_info 7 /OUTPUT 1 "walk_right";
    .port_info 8 /OUTPUT 1 "aaah";
    .port_info 9 /OUTPUT 1 "digging";
P_0x5c2635e87640 .param/l "DIG_L" 0 2 119, +C4<00000000000000000000000000000100>;
P_0x5c2635e87680 .param/l "DIG_R" 0 2 119, +C4<00000000000000000000000000000101>;
P_0x5c2635e876c0 .param/l "FALL_L" 0 2 119, +C4<00000000000000000000000000000010>;
P_0x5c2635e87700 .param/l "FALL_R" 0 2 119, +C4<00000000000000000000000000000011>;
P_0x5c2635e87740 .param/l "LEFT" 0 2 119, +C4<00000000000000000000000000000000>;
P_0x5c2635e87780 .param/l "RIGHT" 0 2 119, +C4<00000000000000000000000000000001>;
P_0x5c2635e877c0 .param/l "SPLAT" 0 2 119, +C4<00000000000000000000000000000110>;
L_0x5c2635ede870 .functor OR 1, L_0x5c2635ede490, L_0x5c2635ede6e0, C4<0>, C4<0>;
L_0x5c2635edf0a0 .functor OR 1, L_0x5c2635edec80, L_0x5c2635edeec0, C4<0>, C4<0>;
v0x5c2635ec9cb0_0 .net *"_ivl_0", 31 0, L_0x5c2635edde90;  1 drivers
L_0x73cc727b7768 .functor BUFT 1, C4<00000000000000000000000000000>, C4<0>, C4<0>, C4<0>;
v0x5c2635ec9db0_0 .net *"_ivl_11", 28 0, L_0x73cc727b7768;  1 drivers
L_0x73cc727b77b0 .functor BUFT 1, C4<00000000000000000000000000000001>, C4<0>, C4<0>, C4<0>;
v0x5c2635ec9e90_0 .net/2u *"_ivl_12", 31 0, L_0x73cc727b77b0;  1 drivers
v0x5c2635ec9f50_0 .net *"_ivl_16", 31 0, L_0x5c2635ede3a0;  1 drivers
L_0x73cc727b77f8 .functor BUFT 1, C4<00000000000000000000000000000>, C4<0>, C4<0>, C4<0>;
v0x5c2635eca030_0 .net *"_ivl_19", 28 0, L_0x73cc727b77f8;  1 drivers
L_0x73cc727b7840 .functor BUFT 1, C4<00000000000000000000000000000010>, C4<0>, C4<0>, C4<0>;
v0x5c2635eca110_0 .net/2u *"_ivl_20", 31 0, L_0x73cc727b7840;  1 drivers
v0x5c2635eca1f0_0 .net *"_ivl_22", 0 0, L_0x5c2635ede490;  1 drivers
v0x5c2635eca2b0_0 .net *"_ivl_24", 31 0, L_0x5c2635ede640;  1 drivers
L_0x73cc727b7888 .functor BUFT 1, C4<00000000000000000000000000000>, C4<0>, C4<0>, C4<0>;
v0x5c2635eca390_0 .net *"_ivl_27", 28 0, L_0x73cc727b7888;  1 drivers
L_0x73cc727b78d0 .functor BUFT 1, C4<00000000000000000000000000000011>, C4<0>, C4<0>, C4<0>;
v0x5c2635eca470_0 .net/2u *"_ivl_28", 31 0, L_0x73cc727b78d0;  1 drivers
L_0x73cc727b76d8 .functor BUFT 1, C4<00000000000000000000000000000>, C4<0>, C4<0>, C4<0>;
v0x5c2635eca550_0 .net *"_ivl_3", 28 0, L_0x73cc727b76d8;  1 drivers
v0x5c2635eca630_0 .net *"_ivl_30", 0 0, L_0x5c2635ede6e0;  1 drivers
v0x5c2635eca6f0_0 .net *"_ivl_34", 31 0, L_0x5c2635ede980;  1 drivers
L_0x73cc727b7918 .functor BUFT 1, C4<00000000000000000000000000000>, C4<0>, C4<0>, C4<0>;
v0x5c2635eca7d0_0 .net *"_ivl_37", 28 0, L_0x73cc727b7918;  1 drivers
L_0x73cc727b7960 .functor BUFT 1, C4<00000000000000000000000000000100>, C4<0>, C4<0>, C4<0>;
v0x5c2635eca8b0_0 .net/2u *"_ivl_38", 31 0, L_0x73cc727b7960;  1 drivers
L_0x73cc727b7720 .functor BUFT 1, C4<00000000000000000000000000000000>, C4<0>, C4<0>, C4<0>;
v0x5c2635eca990_0 .net/2u *"_ivl_4", 31 0, L_0x73cc727b7720;  1 drivers
v0x5c2635ecaa70_0 .net *"_ivl_40", 0 0, L_0x5c2635edec80;  1 drivers
v0x5c2635ecab30_0 .net *"_ivl_42", 31 0, L_0x5c2635edee20;  1 drivers
L_0x73cc727b79a8 .functor BUFT 1, C4<00000000000000000000000000000>, C4<0>, C4<0>, C4<0>;
v0x5c2635ecac10_0 .net *"_ivl_45", 28 0, L_0x73cc727b79a8;  1 drivers
L_0x73cc727b79f0 .functor BUFT 1, C4<00000000000000000000000000000101>, C4<0>, C4<0>, C4<0>;
v0x5c2635ecacf0_0 .net/2u *"_ivl_46", 31 0, L_0x73cc727b79f0;  1 drivers
v0x5c2635ecadd0_0 .net *"_ivl_48", 0 0, L_0x5c2635edeec0;  1 drivers
v0x5c2635ecae90_0 .net *"_ivl_8", 31 0, L_0x5c2635ede0f0;  1 drivers
v0x5c2635ecaf70_0 .net "aaah", 0 0, L_0x5c2635ede870;  1 drivers
o0x73cc72aa3668 .functor BUFZ 1, C4<z>; HiZ drive
v0x5c2635ecb030_0 .net "areset", 0 0, o0x73cc72aa3668;  0 drivers
o0x73cc72aa3698 .functor BUFZ 1, C4<z>; HiZ drive
v0x5c2635ecb0f0_0 .net "bump_left", 0 0, o0x73cc72aa3698;  0 drivers
o0x73cc72aa36c8 .functor BUFZ 1, C4<z>; HiZ drive
v0x5c2635ecb1b0_0 .net "bump_right", 0 0, o0x73cc72aa36c8;  0 drivers
o0x73cc72aa36f8 .functor BUFZ 1, C4<z>; HiZ drive
v0x5c2635ecb270_0 .net "clk", 0 0, o0x73cc72aa36f8;  0 drivers
v0x5c2635ecb330_0 .var "count", 7 0;
o0x73cc72aa3758 .functor BUFZ 1, C4<z>; HiZ drive
v0x5c2635ecb410_0 .net "dig", 0 0, o0x73cc72aa3758;  0 drivers
v0x5c2635ecb4d0_0 .net "digging", 0 0, L_0x5c2635edf0a0;  1 drivers
o0x73cc72aa37b8 .functor BUFZ 1, C4<z>; HiZ drive
v0x5c2635ecb590_0 .net "ground", 0 0, o0x73cc72aa37b8;  0 drivers
v0x5c2635ecb650_0 .var "next_state", 2 0;
v0x5c2635ecb730_0 .var "state", 2 0;
v0x5c2635ecba20_0 .net "walk_left", 0 0, L_0x5c2635eddf80;  1 drivers
v0x5c2635ecbae0_0 .net "walk_right", 0 0, L_0x5c2635ede230;  1 drivers
E_0x5c2635ec9bb0 .event posedge, v0x5c2635ecb030_0, v0x5c2635ecb270_0;
E_0x5c2635ec9c30/0 .event anyedge, v0x5c2635ecb730_0, v0x5c2635ecb590_0, v0x5c2635ecb410_0, v0x5c2635ecb0f0_0;
E_0x5c2635ec9c30/1 .event anyedge, v0x5c2635ecb1b0_0, v0x5c2635ecb330_0;
E_0x5c2635ec9c30 .event/or E_0x5c2635ec9c30/0, E_0x5c2635ec9c30/1;
L_0x5c2635edde90 .concat [ 3 29 0 0], v0x5c2635ecb730_0, L_0x73cc727b76d8;
L_0x5c2635eddf80 .cmp/eq 32, L_0x5c2635edde90, L_0x73cc727b7720;
L_0x5c2635ede0f0 .concat [ 3 29 0 0], v0x5c2635ecb730_0, L_0x73cc727b7768;
L_0x5c2635ede230 .cmp/eq 32, L_0x5c2635ede0f0, L_0x73cc727b77b0;
L_0x5c2635ede3a0 .concat [ 3 29 0 0], v0x5c2635ecb730_0, L_0x73cc727b77f8;
L_0x5c2635ede490 .cmp/eq 32, L_0x5c2635ede3a0, L_0x73cc727b7840;
L_0x5c2635ede640 .concat [ 3 29 0 0], v0x5c2635ecb730_0, L_0x73cc727b7888;
L_0x5c2635ede6e0 .cmp/eq 32, L_0x5c2635ede640, L_0x73cc727b78d0;
L_0x5c2635ede980 .concat [ 3 29 0 0], v0x5c2635ecb730_0, L_0x73cc727b7918;
L_0x5c2635edec80 .cmp/eq 32, L_0x5c2635ede980, L_0x73cc727b7960;
L_0x5c2635edee20 .concat [ 3 29 0 0], v0x5c2635ecb730_0, L_0x73cc727b79a8;
L_0x5c2635edeec0 .cmp/eq 32, L_0x5c2635edee20, L_0x73cc727b79f0;
    .scope S_0x5c2635ea3990;
T_0 ;
    %wait E_0x5c2635e7f610;
    %load/vec4 v0x5c2635ec6100_0;
    %dup/vec4;
    %pushi/vec4 0, 0, 1;
    %cmp/u;
    %jmp/1 T_0.0, 6;
    %dup/vec4;
    %pushi/vec4 1, 0, 1;
    %cmp/u;
    %jmp/1 T_0.1, 6;
    %pushi/vec4 0, 0, 1;
    %assign/vec4 v0x5c2635ec6040_0, 0;
    %jmp T_0.3;
T_0.0 ;
    %load/vec4 v0x5c2635ec5e00_0;
    %load/vec4 v0x5c2635ec5ec0_0;
    %and;
    %flag_set/vec4 8;
    %jmp/0 T_0.4, 8;
    %pushi/vec4 1, 0, 32;
    %jmp/1 T_0.5, 8;
T_0.4 ; End of true expr.
    %load/vec4 v0x5c2635ec5e00_0;
    %flag_set/vec4 9;
    %jmp/0 T_0.6, 9;
    %pushi/vec4 1, 0, 32;
    %jmp/1 T_0.7, 9;
T_0.6 ; End of true expr.
    %pushi/vec4 0, 0, 32;
    %jmp/0 T_0.7, 9;
 ; End of false expr.
    %blend;
T_0.7;
    %jmp/0 T_0.5, 8;
 ; End of false expr.
    %blend;
T_0.5;
    %pad/s 1;
    %assign/vec4 v0x5c2635ec6040_0, 0;
    %jmp T_0.3;
T_0.1 ;
    %load/vec4 v0x5c2635ec5e00_0;
    %load/vec4 v0x5c2635ec5ec0_0;
    %and;
    %flag_set/vec4 8;
    %jmp/0 T_0.8, 8;
    %pushi/vec4 0, 0, 32;
    %jmp/1 T_0.9, 8;
T_0.8 ; End of true expr.
    %load/vec4 v0x5c2635ec5ec0_0;
    %flag_set/vec4 9;
    %jmp/0 T_0.10, 9;
    %pushi/vec4 0, 0, 32;
    %jmp/1 T_0.11, 9;
T_0.10 ; End of true expr.
    %pushi/vec4 1, 0, 32;
    %jmp/0 T_0.11, 9;
 ; End of false expr.
    %blend;
T_0.11;
    %jmp/0 T_0.9, 8;
 ; End of false expr.
    %blend;
T_0.9;
    %pad/s 1;
    %assign/vec4 v0x5c2635ec6040_0, 0;
    %jmp T_0.3;
T_0.3 ;
    %pop/vec4 1;
    %jmp T_0;
    .thread T_0, $push;
    .scope S_0x5c2635ea3990;
T_1 ;
    %wait E_0x5c2635e7f5d0;
    %load/vec4 v0x5c2635e90550_0;
    %flag_set/vec4 8;
    %jmp/0xz  T_1.0, 8;
    %pushi/vec4 0, 0, 1;
    %assign/vec4 v0x5c2635ec6100_0, 0;
    %jmp T_1.1;
T_1.0 ;
    %load/vec4 v0x5c2635ec6040_0;
    %assign/vec4 v0x5c2635ec6100_0, 0;
T_1.1 ;
    %jmp T_1;
    .thread T_1;
    .scope S_0x5c2635ea1610;
T_2 ;
    %wait E_0x5c2635ea73a0;
    %load/vec4 v0x5c2635ec76e0_0;
    %dup/vec4;
    %pushi/vec4 0, 0, 3;
    %cmp/u;
    %jmp/1 T_2.0, 6;
    %dup/vec4;
    %pushi/vec4 1, 0, 3;
    %cmp/u;
    %jmp/1 T_2.1, 6;
    %dup/vec4;
    %pushi/vec4 2, 0, 3;
    %cmp/u;
    %jmp/1 T_2.2, 6;
    %dup/vec4;
    %pushi/vec4 3, 0, 3;
    %cmp/u;
    %jmp/1 T_2.3, 6;
    %jmp T_2.4;
T_2.0 ;
    %load/vec4 v0x5c2635ec7540_0;
    %flag_set/vec4 8;
    %jmp/0 T_2.5, 8;
    %load/vec4 v0x5c2635ec71f0_0;
    %flag_set/vec4 9;
    %jmp/0 T_2.7, 9;
    %pushi/vec4 1, 0, 32;
    %jmp/1 T_2.8, 9;
T_2.7 ; End of true expr.
    %pushi/vec4 0, 0, 32;
    %jmp/0 T_2.8, 9;
 ; End of false expr.
    %blend;
T_2.8;
    %jmp/1 T_2.6, 8;
T_2.5 ; End of true expr.
    %pushi/vec4 2, 0, 32;
    %jmp/0 T_2.6, 8;
 ; End of false expr.
    %blend;
T_2.6;
    %pad/s 3;
    %assign/vec4 v0x5c2635ec7600_0, 0;
    %jmp T_2.4;
T_2.1 ;
    %load/vec4 v0x5c2635ec7540_0;
    %flag_set/vec4 8;
    %jmp/0 T_2.9, 8;
    %load/vec4 v0x5c2635ec73c0_0;
    %flag_set/vec4 9;
    %jmp/0 T_2.11, 9;
    %pushi/vec4 0, 0, 32;
    %jmp/1 T_2.12, 9;
T_2.11 ; End of true expr.
    %pushi/vec4 1, 0, 32;
    %jmp/0 T_2.12, 9;
 ; End of false expr.
    %blend;
T_2.12;
    %jmp/1 T_2.10, 8;
T_2.9 ; End of true expr.
    %pushi/vec4 3, 0, 32;
    %jmp/0 T_2.10, 8;
 ; End of false expr.
    %blend;
T_2.10;
    %pad/s 3;
    %assign/vec4 v0x5c2635ec7600_0, 0;
    %jmp T_2.4;
T_2.2 ;
    %load/vec4 v0x5c2635ec7540_0;
    %flag_set/vec4 8;
    %jmp/0 T_2.13, 8;
    %pushi/vec4 0, 0, 32;
    %jmp/1 T_2.14, 8;
T_2.13 ; End of true expr.
    %pushi/vec4 2, 0, 32;
    %jmp/0 T_2.14, 8;
 ; End of false expr.
    %blend;
T_2.14;
    %pad/s 3;
    %assign/vec4 v0x5c2635ec7600_0, 0;
    %jmp T_2.4;
T_2.3 ;
    %load/vec4 v0x5c2635ec7540_0;
    %flag_set/vec4 8;
    %jmp/0 T_2.15, 8;
    %pushi/vec4 1, 0, 32;
    %jmp/1 T_2.16, 8;
T_2.15 ; End of true expr.
    %pushi/vec4 3, 0, 32;
    %jmp/0 T_2.16, 8;
 ; End of false expr.
    %blend;
T_2.16;
    %pad/s 3;
    %assign/vec4 v0x5c2635ec7600_0, 0;
    %jmp T_2.4;
T_2.4 ;
    %pop/vec4 1;
    %jmp T_2;
    .thread T_2, $push;
    .scope S_0x5c2635ea1610;
T_3 ;
    %wait E_0x5c2635e7f360;
    %load/vec4 v0x5c2635ec7130_0;
    %flag_set/vec4 8;
    %jmp/0xz  T_3.0, 8;
    %pushi/vec4 0, 0, 3;
    %assign/vec4 v0x5c2635ec76e0_0, 0;
    %jmp T_3.1;
T_3.0 ;
    %load/vec4 v0x5c2635ec7600_0;
    %assign/vec4 v0x5c2635ec76e0_0, 0;
T_3.1 ;
    %jmp T_3;
    .thread T_3;
    .scope S_0x5c2635e9ab20;
T_4 ;
    %wait E_0x5c2635ec7a80;
    %load/vec4 v0x5c2635ec95a0_0;
    %dup/vec4;
    %pushi/vec4 0, 0, 3;
    %cmp/u;
    %jmp/1 T_4.0, 6;
    %dup/vec4;
    %pushi/vec4 1, 0, 3;
    %cmp/u;
    %jmp/1 T_4.1, 6;
    %dup/vec4;
    %pushi/vec4 2, 0, 3;
    %cmp/u;
    %jmp/1 T_4.2, 6;
    %dup/vec4;
    %pushi/vec4 3, 0, 3;
    %cmp/u;
    %jmp/1 T_4.3, 6;
    %dup/vec4;
    %pushi/vec4 4, 0, 3;
    %cmp/u;
    %jmp/1 T_4.4, 6;
    %dup/vec4;
    %pushi/vec4 5, 0, 3;
    %cmp/u;
    %jmp/1 T_4.5, 6;
    %jmp T_4.6;
T_4.0 ;
    %load/vec4 v0x5c2635ec9400_0;
    %nor/r;
    %flag_set/vec4 8;
    %jmp/0 T_4.7, 8;
    %pushi/vec4 2, 0, 32;
    %jmp/1 T_4.8, 8;
T_4.7 ; End of true expr.
    %load/vec4 v0x5c2635ec9280_0;
    %flag_set/vec4 9;
    %jmp/0 T_4.9, 9;
    %pushi/vec4 4, 0, 32;
    %jmp/1 T_4.10, 9;
T_4.9 ; End of true expr.
    %load/vec4 v0x5c2635ec9040_0;
    %flag_set/vec4 10;
    %jmp/0 T_4.11, 10;
    %pushi/vec4 1, 0, 32;
    %jmp/1 T_4.12, 10;
T_4.11 ; End of true expr.
    %pushi/vec4 0, 0, 32;
    %jmp/0 T_4.12, 10;
 ; End of false expr.
    %blend;
T_4.12;
    %jmp/0 T_4.10, 9;
 ; End of false expr.
    %blend;
T_4.10;
    %jmp/0 T_4.8, 8;
 ; End of false expr.
    %blend;
T_4.8;
    %pad/s 3;
    %store/vec4 v0x5c2635ec94c0_0, 0, 3;
    %jmp T_4.6;
T_4.1 ;
    %load/vec4 v0x5c2635ec9400_0;
    %nor/r;
    %flag_set/vec4 8;
    %jmp/0 T_4.13, 8;
    %pushi/vec4 3, 0, 32;
    %jmp/1 T_4.14, 8;
T_4.13 ; End of true expr.
    %load/vec4 v0x5c2635ec9280_0;
    %flag_set/vec4 9;
    %jmp/0 T_4.15, 9;
    %pushi/vec4 5, 0, 32;
    %jmp/1 T_4.16, 9;
T_4.15 ; End of true expr.
    %load/vec4 v0x5c2635ec9100_0;
    %flag_set/vec4 10;
    %jmp/0 T_4.17, 10;
    %pushi/vec4 0, 0, 32;
    %jmp/1 T_4.18, 10;
T_4.17 ; End of true expr.
    %pushi/vec4 1, 0, 32;
    %jmp/0 T_4.18, 10;
 ; End of false expr.
    %blend;
T_4.18;
    %jmp/0 T_4.16, 9;
 ; End of false expr.
    %blend;
T_4.16;
    %jmp/0 T_4.14, 8;
 ; End of false expr.
    %blend;
T_4.14;
    %pad/s 3;
    %store/vec4 v0x5c2635ec94c0_0, 0, 3;
    %jmp T_4.6;
T_4.2 ;
    %load/vec4 v0x5c2635ec9400_0;
    %flag_set/vec4 8;
    %jmp/0 T_4.19, 8;
    %pushi/vec4 0, 0, 32;
    %jmp/1 T_4.20, 8;
T_4.19 ; End of true expr.
    %pushi/vec4 2, 0, 32;
    %jmp/0 T_4.20, 8;
 ; End of false expr.
    %blend;
T_4.20;
    %pad/s 3;
    %store/vec4 v0x5c2635ec94c0_0, 0, 3;
    %jmp T_4.6;
T_4.3 ;
    %load/vec4 v0x5c2635ec9400_0;
    %flag_set/vec4 8;
    %jmp/0 T_4.21, 8;
    %pushi/vec4 1, 0, 32;
    %jmp/1 T_4.22, 8;
T_4.21 ; End of true expr.
    %pushi/vec4 3, 0, 32;
    %jmp/0 T_4.22, 8;
 ; End of false expr.
    %blend;
T_4.22;
    %pad/s 3;
    %store/vec4 v0x5c2635ec94c0_0, 0, 3;
    %jmp T_4.6;
T_4.4 ;
    %load/vec4 v0x5c2635ec9400_0;
    %nor/r;
    %flag_set/vec4 8;
    %jmp/0 T_4.23, 8;
    %pushi/vec4 2, 0, 32;
    %jmp/1 T_4.24, 8;
T_4.23 ; End of true expr.
    %pushi/vec4 4, 0, 32;
    %jmp/0 T_4.24, 8;
 ; End of false expr.
    %blend;
T_4.24;
    %pad/s 3;
    %store/vec4 v0x5c2635ec94c0_0, 0, 3;
    %jmp T_4.6;
T_4.5 ;
    %load/vec4 v0x5c2635ec9400_0;
    %nor/r;
    %flag_set/vec4 8;
    %jmp/0 T_4.25, 8;
    %pushi/vec4 3, 0, 32;
    %jmp/1 T_4.26, 8;
T_4.25 ; End of true expr.
    %pushi/vec4 5, 0, 32;
    %jmp/0 T_4.26, 8;
 ; End of false expr.
    %blend;
T_4.26;
    %pad/s 3;
    %store/vec4 v0x5c2635ec94c0_0, 0, 3;
    %jmp T_4.6;
T_4.6 ;
    %pop/vec4 1;
    %jmp T_4;
    .thread T_4, $push;
    .scope S_0x5c2635e9ab20;
T_5 ;
    %wait E_0x5c2635ea7640;
    %load/vec4 v0x5c2635ec8f80_0;
    %flag_set/vec4 8;
    %jmp/0xz  T_5.0, 8;
    %pushi/vec4 0, 0, 3;
    %assign/vec4 v0x5c2635ec95a0_0, 0;
    %jmp T_5.1;
T_5.0 ;
    %load/vec4 v0x5c2635ec94c0_0;
    %assign/vec4 v0x5c2635ec95a0_0, 0;
T_5.1 ;
    %jmp T_5;
    .thread T_5;
    .scope S_0x5c2635e874b0;
T_6 ;
    %wait E_0x5c2635ec9c30;
    %load/vec4 v0x5c2635ecb730_0;
    %dup/vec4;
    %pushi/vec4 0, 0, 3;
    %cmp/u;
    %jmp/1 T_6.0, 6;
    %dup/vec4;
    %pushi/vec4 1, 0, 3;
    %cmp/u;
    %jmp/1 T_6.1, 6;
    %dup/vec4;
    %pushi/vec4 4, 0, 3;
    %cmp/u;
    %jmp/1 T_6.2, 6;
    %dup/vec4;
    %pushi/vec4 5, 0, 3;
    %cmp/u;
    %jmp/1 T_6.3, 6;
    %dup/vec4;
    %pushi/vec4 2, 0, 3;
    %cmp/u;
    %jmp/1 T_6.4, 6;
    %dup/vec4;
    %pushi/vec4 3, 0, 3;
    %cmp/u;
    %jmp/1 T_6.5, 6;
    %dup/vec4;
    %pushi/vec4 6, 0, 3;
    %cmp/u;
    %jmp/1 T_6.6, 6;
    %pushi/vec4 0, 0, 3;
    %store/vec4 v0x5c2635ecb650_0, 0, 3;
    %jmp T_6.8;
T_6.0 ;
    %load/vec4 v0x5c2635ecb590_0;
    %nor/r;
    %flag_set/vec4 8;
    %jmp/0 T_6.9, 8;
    %pushi/vec4 2, 0, 32;
    %jmp/1 T_6.10, 8;
T_6.9 ; End of true expr.
    %load/vec4 v0x5c2635ecb410_0;
    %flag_set/vec4 9;
    %jmp/0 T_6.11, 9;
    %pushi/vec4 4, 0, 32;
    %jmp/1 T_6.12, 9;
T_6.11 ; End of true expr.
    %load/vec4 v0x5c2635ecb0f0_0;
    %flag_set/vec4 10;
    %jmp/0 T_6.13, 10;
    %pushi/vec4 1, 0, 32;
    %jmp/1 T_6.14, 10;
T_6.13 ; End of true expr.
    %pushi/vec4 0, 0, 32;
    %jmp/0 T_6.14, 10;
 ; End of false expr.
    %blend;
T_6.14;
    %jmp/0 T_6.12, 9;
 ; End of false expr.
    %blend;
T_6.12;
    %jmp/0 T_6.10, 8;
 ; End of false expr.
    %blend;
T_6.10;
    %pad/s 3;
    %store/vec4 v0x5c2635ecb650_0, 0, 3;
    %jmp T_6.8;
T_6.1 ;
    %load/vec4 v0x5c2635ecb590_0;
    %nor/r;
    %flag_set/vec4 8;
    %jmp/0 T_6.15, 8;
    %pushi/vec4 3, 0, 32;
    %jmp/1 T_6.16, 8;
T_6.15 ; End of true expr.
    %load/vec4 v0x5c2635ecb410_0;
    %flag_set/vec4 9;
    %jmp/0 T_6.17, 9;
    %pushi/vec4 5, 0, 32;
    %jmp/1 T_6.18, 9;
T_6.17 ; End of true expr.
    %load/vec4 v0x5c2635ecb1b0_0;
    %flag_set/vec4 10;
    %jmp/0 T_6.19, 10;
    %pushi/vec4 0, 0, 32;
    %jmp/1 T_6.20, 10;
T_6.19 ; End of true expr.
    %pushi/vec4 1, 0, 32;
    %jmp/0 T_6.20, 10;
 ; End of false expr.
    %blend;
T_6.20;
    %jmp/0 T_6.18, 9;
 ; End of false expr.
    %blend;
T_6.18;
    %jmp/0 T_6.16, 8;
 ; End of false expr.
    %blend;
T_6.16;
    %pad/s 3;
    %store/vec4 v0x5c2635ecb650_0, 0, 3;
    %jmp T_6.8;
T_6.2 ;
    %load/vec4 v0x5c2635ecb590_0;
    %nor/r;
    %flag_set/vec4 8;
    %jmp/0 T_6.21, 8;
    %pushi/vec4 2, 0, 32;
    %jmp/1 T_6.22, 8;
T_6.21 ; End of true expr.
    %pushi/vec4 4, 0, 32;
    %jmp/0 T_6.22, 8;
 ; End of false expr.
    %blend;
T_6.22;
    %pad/s 3;
    %store/vec4 v0x5c2635ecb650_0, 0, 3;
    %jmp T_6.8;
T_6.3 ;
    %load/vec4 v0x5c2635ecb590_0;
    %nor/r;
    %flag_set/vec4 8;
    %jmp/0 T_6.23, 8;
    %pushi/vec4 3, 0, 32;
    %jmp/1 T_6.24, 8;
T_6.23 ; End of true expr.
    %pushi/vec4 5, 0, 32;
    %jmp/0 T_6.24, 8;
 ; End of false expr.
    %blend;
T_6.24;
    %pad/s 3;
    %store/vec4 v0x5c2635ecb650_0, 0, 3;
    %jmp T_6.8;
T_6.4 ;
    %load/vec4 v0x5c2635ecb590_0;
    %flag_set/vec4 8;
    %jmp/0 T_6.25, 8;
    %load/vec4 v0x5c2635ecb330_0;
    %pad/u 32;
    %cmpi/u 20, 0, 32;
    %flag_or 5, 4; GT is !LE
    %flag_inv 5;
    %flag_mov 9, 5;
    %jmp/0 T_6.27, 9;
    %pushi/vec4 6, 0, 32;
    %jmp/1 T_6.28, 9;
T_6.27 ; End of true expr.
    %pushi/vec4 0, 0, 32;
    %jmp/0 T_6.28, 9;
 ; End of false expr.
    %blend;
T_6.28;
    %jmp/1 T_6.26, 8;
T_6.25 ; End of true expr.
    %pushi/vec4 2, 0, 32;
    %jmp/0 T_6.26, 8;
 ; End of false expr.
    %blend;
T_6.26;
    %pad/s 3;
    %store/vec4 v0x5c2635ecb650_0, 0, 3;
    %jmp T_6.8;
T_6.5 ;
    %load/vec4 v0x5c2635ecb590_0;
    %flag_set/vec4 8;
    %jmp/0 T_6.29, 8;
    %load/vec4 v0x5c2635ecb330_0;
    %pad/u 32;
    %cmpi/u 20, 0, 32;
    %flag_or 5, 4; GT is !LE
    %flag_inv 5;
    %flag_mov 9, 5;
    %jmp/0 T_6.31, 9;
    %pushi/vec4 6, 0, 32;
    %jmp/1 T_6.32, 9;
T_6.31 ; End of true expr.
    %pushi/vec4 1, 0, 32;
    %jmp/0 T_6.32, 9;
 ; End of false expr.
    %blend;
T_6.32;
    %jmp/1 T_6.30, 8;
T_6.29 ; End of true expr.
    %pushi/vec4 3, 0, 32;
    %jmp/0 T_6.30, 8;
 ; End of false expr.
    %blend;
T_6.30;
    %pad/s 3;
    %store/vec4 v0x5c2635ecb650_0, 0, 3;
    %jmp T_6.8;
T_6.6 ;
    %pushi/vec4 6, 0, 3;
    %store/vec4 v0x5c2635ecb650_0, 0, 3;
    %jmp T_6.8;
T_6.8 ;
    %pop/vec4 1;
    %jmp T_6;
    .thread T_6, $push;
    .scope S_0x5c2635e874b0;
T_7 ;
    %wait E_0x5c2635ec9bb0;
    %load/vec4 v0x5c2635ecb030_0;
    %flag_set/vec4 8;
    %jmp/0xz  T_7.0, 8;
    %pushi/vec4 0, 0, 3;
    %assign/vec4 v0x5c2635ecb730_0, 0;
    %pushi/vec4 0, 0, 8;
    %assign/vec4 v0x5c2635ecb330_0, 0;
    %jmp T_7.1;
T_7.0 ;
    %load/vec4 v0x5c2635ecb650_0;
    %assign/vec4 v0x5c2635ecb730_0, 0;
    %load/vec4 v0x5c2635ecb650_0;
    %pad/u 32;
    %cmpi/e 2, 0, 32;
    %jmp/1 T_7.4, 4;
    %flag_mov 8, 4;
    %load/vec4 v0x5c2635ecb650_0;
    %pad/u 32;
    %cmpi/e 3, 0, 32;
    %flag_or 4, 8;
T_7.4;
    %jmp/0xz  T_7.2, 4;
    %load/vec4 v0x5c2635ecb330_0;
    %addi 1, 0, 8;
    %assign/vec4 v0x5c2635ecb330_0, 0;
    %jmp T_7.3;
T_7.2 ;
    %pushi/vec4 0, 0, 8;
    %assign/vec4 v0x5c2635ecb330_0, 0;
T_7.3 ;
T_7.1 ;
    %jmp T_7;
    .thread T_7;
# The file index is used to find the file name in the following table.
:file_names 3;
    "N/A";
    "<interactive>";
    "lemmings.v";
